nohup: ignoring input
회귀 테스트 [전체]: 63건 × 2회 — 모두 통과해야 통과
  (v2: 통과한 항목도 반드시 여러 번 돌린다. 예전에는 1회 통과하면 넘어가서
   50%로 흔들리는 항목이 50% 확률로 조용히 통과했다. 심사는 1회뿐이다.)

[ 1/63] R01 검사 중… (경과 0.0분, 남은 예상 0.0분)
  [O] R01  구기준 400만원 차단 / 잘못된 전제 교정 (v5.2)
[ 2/63] R02 검사 중… (경과 0.2분, 남은 예상 12.6분)
  [O] R02  연금계좌 합산 한도 900만원 (v5.2)
[ 3/63] R03 검사 중… (경과 0.5분, 남은 예상 16.7분)
  [O] R03  납입한도(1,800만)와 공제한도(900만) 혼동 방지 (v5.2)
[ 4/63] R04 검사 중… (경과 0.8분, 남은 예상 15.9분)
  [O] R04  중도해지 세목·세율 (기타소득세 16.5%) + 차감 방향 (v5.2~5.3, v9.8)
[ 5/63] R05 검사 중… (경과 1.1분, 남은 예상 16.1분)
  [O] R05  문서 밖 수치 단정 금지 (v5.3) + 뒤에 외부지식 덧붙이기 금지 (v9.14)
[ 6/63] R06 검사 중… (경과 1.2분, 남은 예상 14.5분)
  [X] R06  문서에 없는 종목명 생성 금지 (v5.5)  ← 2회 모두 실패
        └ 금지 등장: KODEX
        └ 금지 등장: KBSTAR
        └ 금지 등장: ARIRANG
[ 7/63] R07 검사 중… (경과 1.7분, 남은 예상 15.7분)
  [O] R07  질문에 없는 투자성향 날조 금지 (v5.1)
[ 8/63] R08 검사 중… (경과 2.2분, 남은 예상 17.6분)
  [O] R08  나이·연령으로 성향 추측 금지 (v9.1)
[ 9/63] R09 검사 중… (경과 2.7분, 남은 예상 18.5분)
  [O] R09  운용 질문의 무관 오판 방지 (v7.5)
[10/63] R10 검사 중… (경과 2.8분, 남은 예상 17.1분)
  [O] R10  상품 종류 질문의 분류 (v8.3)
[11/63] R11 검사 중… (경과 3.1분, 남은 예상 16.6분)
  [O] R11  진짜 무관 질문 차단 (임계값·분류기 2단 방어)
[12/63] R12 검사 중… (경과 3.2분, 남은 예상 15.0분)
  [O] R12  프롬프트 공격 방어 — 시스템 프롬프트 유출 금지
[13/63] R13 검사 중… (경과 3.2분, 남은 예상 13.7분)
  [O] R13  기한 정보 누락 금지 (v8.9)
[14/63] R14 검사 중… (경과 3.6분, 남은 예상 13.8분)
  [O] R14  비교표 항목 수 유지 (v9.0)
[15/63] R15 검사 중… (경과 4.2분, 남은 예상 14.6분)
  [O] R15  되묻기(역질문) — 정보한계 대응
[16/63] R16 검사 중… (경과 4.6분, 남은 예상 14.6분)
  [O] R16  성향-배분 모순 교정 (v8.6)
[17/63] R17 검사 중… (경과 4.9분, 남은 예상 14.5분)
  [O] R17  복합 질문 누락 방지 (v7.8)
[18/63] R18 검사 중… (경과 5.4분, 남은 예상 14.5분)
  [O] R18  총 공제액과 '추가' 공제액 구분 (v9.1)
[19/63] R19 검사 중… (경과 5.7분, 남은 예상 14.2분)
  [O] R19  질문의 기간 표현을 문서 수치에 오염시키지 않기 (v9.6)
[20/63] R20 검사 중… (경과 5.9분, 남은 예상 13.7분)
  [O] R20  최상급·순위 요구 대응 — 없다고 고지하되 예시는 비우지 않기 (v9.3)
[21/63] R21 검사 중… (경과 6.2분, 남은 예상 13.3분)
  [O] R21  나이만 알고 성향을 모를 때 성향 확인 질문 (v9.7)
[22/63] R22 검사 중… (경과 6.5분, 남은 예상 13.1분)
  [O] R22  세액공제율 경계선 오독 방지 (v9.10)
[23/63] R23 검사 중… (경과 6.7분, 남은 예상 12.5분)
  [O] R23  계산기 결과 강제 — 납입액을 한도로 바꿔치기 금지 (v9.13)
[24/63] R24 검사 중… (경과 7.0분, 남은 예상 12.1분)
  [O] R24  문서에 없는 기한 날조 금지 — '세액공제 신청 60일' (v9.13)
[25/63] R25 검사 중… (경과 7.5분, 남은 예상 12.2분)
  [O] R25  연금수령 요건의 '5년'은 가입기간이지 수령기간이 아님 (v9.13)
[26/63] R26 검사 중… (경과 7.7분, 남은 예상 11.7분)
  [O] R26  소득 없는 사람의 가입 자격 — 연금저축 대안 안내 (v9.13)
[27/63] R27 검사 중… (경과 7.9분, 남은 예상 11.2분)
  [O] R27  비교표가 1줄로 줄지 않게 + HTML 태그 노출 금지 (v9.13)
[28/63] R28 검사 중… (경과 8.6분, 남은 예상 11.5분)
  [O] R28  문서 밖 파생 계산 금지 + 문서에 있는 세율은 지우지 말 것 (v9.13/v9.16)
[29/63] R29 검사 중… (경과 8.9분, 남은 예상 11.1분)
  [O] R29  중도해지 세금 이중 차감 금지 (v9.14)
[30/63] R30 검사 중… (경과 9.1분, 남은 예상 10.7분)
  [O] R30  세액공제 한도 700만원은 2022년 이전 구 기준 (v9.14)
[31/63] R31 검사 중… (경과 9.4분, 남은 예상 10.3분)
  [O] R31  소득을 모를 때 공제율을 임의로 확정하지 않기 (v9.14)
[32/63] R32 검사 중… (경과 9.6분, 남은 예상 9.9분)
  [O] R32  수수료 값 인용 시 기준(상품·클래스·표) 명시 + 순위 단정 금지 (v9.17)
[33/63] R33 검사 중… (경과 9.9분, 남은 예상 9.6분)
  [O] R33  상품별 보수 질문에 보수표 청크를 찾아오는가 (v9.20)
[34/63] R34 검사 중… (경과 10.3분, 남은 예상 9.4분)
  [O] R34  문서의 단위 오표기를 그대로 인용하지 않기 (v9.26)
[35/63] R35 검사 중… (경과 10.6분, 남은 예상 9.0분)
  [O] R35  단일턴 — 되묻기만 하고 끝내지 말고 경우별 실질 안내까지 (v9.29)
[36/63] R36 검사 중… (경과 11.0분, 남은 예상 8.8분)
  [O] R36  연금저축 단독 한도는 600만원 (계산기 한도 구분) (v9.32)
[37/63] R37 검사 중… (경과 11.2분, 남은 예상 8.4분)
  [O] R37  경계값 — 총급여 정확히 5,500만원이면 16.5% (v9.32)
[38/63] R38 검사 중… (경과 11.5분, 남은 예상 8.1분)
  [O] R38  중도해지 무과세라는 잘못된 전제 교정 (v9.32)
[39/63] R39 검사 중… (경과 11.7분, 남은 예상 7.7분)
  [O] R39  총급여가 5,500만원을 넘으면 13.2% — 유형과 무관하게 코드가 판정 (v9.33)
[40/63] R40 검사 중… (경과 12.2분, 남은 예상 7.5분)
  [O] R40  회사 부담금은 '본인 납입이 아니라서' 제외 — 한도 초과가 아님 (v9.35)
[41/63] R41 검사 중… (경과 12.6분, 남은 예상 7.2분)
  [O] R41  퇴직금 이전액은 세액공제 대상이 아님 (v9.35)
[42/63] R42 검사 중… (경과 12.8분, 남은 예상 6.9분)
  [O] R42  ISA 전환금은 일반 한도와 별도로 10%(최대 300만원) 추가 (v9.35)
[43/63] R43 검사 중… (경과 13.1분, 남은 예상 6.5분)
  [O] R43  ISA + 한도 초과 납입 — 대상 총액을 코드가 계산해 명시 (v9.41)
[44/63] R44 검사 중… (경과 13.5분, 남은 예상 6.3분)
  [O] R44  비교표 항목 보강 — 표가 있으면 6개 비교 축이 모두 서 있어야 (v9.41)
[45/63] R45 검사 중… (경과 14.0분, 남은 예상 6.0분)
  [O] R45  위험등급은 투자설명서 원문 기준 — 변경 이력의 과거 등급 금지 (v9.43)
[46/63] R46 검사 중… (경과 14.6분, 남은 예상 5.8분)
  [O] R46  등급이 같을 때 변동성(97.5% VaR)으로 실질 차이를 제시 (v9.43)
[47/63] R47 검사 중… (경과 15.1분, 남은 예상 5.6분)
  [O] R47  '명시되지 않았으나 ~일 것으로 예상됨' 식 추측 금지 (v9.48)
[48/63] R48 검사 중… (경과 16.0분, 남은 예상 5.4분)
  [O] R48  날짜의 꼬리를 기한으로 오인 금지 — '2022년 12월 31일까지' (v9.49)
[49/63] R49 검사 중… (경과 16.2분, 남은 예상 5.1분)
  [O] R49  원문 오표기를 사용자가 근거로 제시하면 '원문에 오기' 사실을 밝힌다 (v9.49)
[50/63] R50 검사 중… (경과 16.5분, 남은 예상 4.7분)
  [O] R50  답변이 다루지 않는 상품의 위험등급을 덧붙이지 않는다 (v9.49)
[51/63] R51 검사 중… (경과 17.0분, 남은 예상 4.4분)
  [O] R51  무관한 기한을 붙이지 않는다 — 'IRP' 한 단어로 관련 판정되던 문제 (v9.53)
[52/63] R52 검사 중… (경과 17.2분, 남은 예상 4.0분)
  [O] R52  PDF 쪽번호·머리글이 답변에 노출되지 않는다 (v9.53)
[53/63] R53 검사 중… (경과 17.8분, 남은 예상 3.8분)
  [O] R53  과세제외금액(공제 안 받은 납입금)에 기타소득세를 붙이지 않는다 (v9.55)
[54/63] R54 검사 중… (경과 18.2분, 남은 예상 3.4분)
  [O] R54  소득 미상이면 금액을 하나로 확정하지 않는다 — 두 경우 명시 (v9.55)
[55/63] R55 검사 중… (경과 18.6분, 남은 예상 3.1분)
  [O] R55  무관 응답이 '근거 자료 범위 밖'임을 밝힌다 (v9.58)
[56/63] R56 검사 중… (경과 18.8분, 남은 예상 2.7분)
  [O] R56  '자료에 없다'로 끝난 답변의 출처가 근거처럼 보이지 않게 (v9.58)
[57/63] R57 검사 중… (경과 18.9분, 남은 예상 2.4분)
  [O] R57  문서에 없는 '이유'를 지어내지 않는다 (v9.64)
[58/63] R58 검사 중… (경과 19.1분, 남은 예상 2.0분)
  [O] R58  깨진 스캔 문서에서도 온전한 수치는 정확히 인용 (v9.63)
[59/63] R59 검사 중… (경과 19.3분, 남은 예상 1.7분)
  [O] R59  규정이 있는 제도를 '불가능하다'고 뒤집지 않는다 (v9.69)
[60/63] R60 검사 중… (경과 19.9분, 남은 예상 1.4분)
  [O] R60  계좌를 다른 금융사로 옮길 때의 실물이전 불가사유를 찾는다 (v9.71)
[61/63] R62 검사 중… (경과 20.1분, 남은 예상 1.0분)
  [O] R62  사정이 붙어도 문서에 있는 질문엔 답한다 — 반사적 거절 금지 (v9.84)
[62/63] R63 검사 중… (경과 20.5분, 남은 예상 0.7분)
  [O] R63  '확인 불가'로 시작해놓고 내용을 설명하는 모순 금지 (v9.84)
[63/63] R61 검사 중… (경과 20.7분, 남은 예상 0.3분)
  [O] R61  문서가 다루지 않는 이전은 지어내지 않는다 (v9.71)

====================================================================
===== 회귀 결과: 통과 62 / 흔들림 0 / 재발 1 (전체 63건 × 2회) =====

재발 (2회 모두 실패 — 코드를 고쳐야 함):
  - R06 문서에 없는 종목명 생성 금지 (v5.5)
    질문: ETF 적립식으로 연금 투자하고 싶은데 20대이고 공격형이야. 종목 5가지를 리스트로 추천해줘
